
> portfolio-nextjs@0.1.0 test
> vitest run

[33mThe CJS build of Vite's Node API is deprecated. See https://vite.dev/guide/troubleshooting.html#vite-cjs-node-api-deprecated for more details.[39m

 RUN  v2.1.8 /home/hhumoham/Development/code/portfolio-nextjs

 ✓ src/lib/experience.chronological-order.property.test.ts (1 test) 231ms
 ✓ src/lib/sections.nav-items.property.test.ts (2 tests) 400ms
   ✓ Property 7: Navigation exposes a consistent link set > getNavItems returns exactly the showInNav sections, order preserved, and desktop/mobile parity holds 396ms
 ✓ src/content/tokens.audit.test.ts (23 tests) 41ms
 ✓ src/content/content-correspondence.test.ts (14 tests) 95ms
 ✓ src/app/metadata.test.tsx (10 tests) 35ms
 ✓ src/components/sections.no-looping-effects.test.tsx (8 tests) 693ms
 ✓ src/components/navbar.behavior.test.tsx (7 tests) 1479ms
   ✓ Navbar navigation behavior > scroll-to-section on link activation (Req 4.4) > scrolls the matching section into view when a nav link is activated 426ms
   ✓ Navbar navigation behavior > theme application across sections (Req 11.2, 11.3) > returns to the light theme when toggled back 424ms
 ✓ src/components/hero.component.test.tsx (9 tests) 1441ms
   ✓ HeroSection composition and CTAs (Req 1.1–1.6) > displays Mohammad's name (Req 1.1) 373ms
   ✓ HeroSection composition and CTAs (Req 1.1–1.6) > has no accessibility violations (Req 14.3) 551ms
 ✓ src/lib/contact.email-validation.property.test.ts (1 test) 102ms
 ✓ src/components/experience.structural-completeness.property.test.tsx (1 test) 2576ms
   ✓ Experience stages are structurally complete (Property 11) > every rendered stage shows a non-empty title, organization, and time reference 2574ms
 ✓ src/components/projects.link-policy.property.test.tsx (1 test) 3498ms
   ✓ Case-study link policy honors confidentiality (Property 2) > confidential studies hide links and show an indicator; public studies render populated links 3486ms
 ✓ src/lib/motion.reduced-motion.property.test.ts (1 test) 119ms
 ✓ src/components/contact.component.test.tsx (6 tests) 3419ms
   ✓ ContactSection form labels and focus (Req 14.3, 14.4) > has no accessibility violations (Req 14.3, 14.4) 1207ms
   ✓ ContactSection email validation (Req 10.5) > shows a validation message and retains entered content on invalid email 1789ms
 ✓ src/content/skills.partition.property.test.ts (3 tests) 95ms
 ✓ src/lib/sections.unique-order.property.test.ts (1 test) 180ms
 ✓ src/lib/ai.classify-capability.property.test.ts (1 test) 121ms
 ✓ src/components/projects.structural-completeness.property.test.tsx (1 test) 76ms
 ✓ src/content/credibility.certification-count.property.test.ts (1 test) 24ms
 ✓ src/lib/sections.property.test.ts (1 test) 112ms
 ✓ src/lib/setup.test.ts (2 tests) 20ms
 ✓ src/lib/motion.entrance-duration.property.test.ts (1 test) 33ms
 ✓ src/content/images.alt-text.property.test.ts (1 test) 26ms
 ✓ src/content/engineering.aws-labels.property.test.ts (1 test) 12ms
 ✓ src/lib/contact.email-action.property.test.ts (1 test) 44ms
 ✓ src/content/credibility.metrics.property.test.ts (2 tests) 25ms
 ✓ src/components/certifications.structural-completeness.property.test.tsx (1 test) 1826ms
   ✓ Certifications are structurally complete (Property 15) > every rendered certification item shows its name and issuer 1824ms
stderr | src/app/content-preservation.test.tsx > Blog data source and fallback handling preserved (Req 16.1) > falls back to the static blog list when the API call fails
Failed to fetch blogs: Error: network down
    at /home/hhumoham/Development/code/portfolio-nextjs/src/app/content-preservation.test.tsx:73:22
    at mockCall (file:///home/hhumoham/Development/code/portfolio-nextjs/node_modules/@vitest/spy/dist/index.js:61:17)
    at spy (file:///home/hhumoham/Development/code/portfolio-nextjs/node_modules/tinyspy/dist/index.js:45:80)
    at Module.getAllBlogs (/home/hhumoham/Development/code/portfolio-nextjs/src/data/blogs.ts:28:28)
    at /home/hhumoham/Development/code/portfolio-nextjs/src/app/content-preservation.test.tsx:76:25
    at file:///home/hhumoham/Development/code/portfolio-nextjs/node_modules/@vitest/runner/dist/index.js:146:14
    at file:///home/hhumoham/Development/code/portfolio-nextjs/node_modules/@vitest/runner/dist/index.js:533:11
    at runWithTimeout (file:///home/hhumoham/Development/code/portfolio-nextjs/node_modules/@vitest/runner/dist/index.js:39:7)
    at runTest (file:///home/hhumoham/Development/code/portfolio-nextjs/node_modules/@vitest/runner/dist/index.js:1056:17)
    at runSuite (file:///home/hhumoham/Development/code/portfolio-nextjs/node_modules/@vitest/runner/dist/index.js:1205:15)

 ✓ src/components/projects.tech-stack.property.test.tsx (1 test) 1923ms
   ✓ Tech stack is preserved faithfully (Property 3) > rendered tech-stack labels equal the preserved content labels for every project 1920ms
 ✓ src/components/projects.select-to-detail.property.test.tsx (1 test) 9124ms
   ✓ Selecting a project reveals its full detail (Property 4) > selecting any featured project shows that same project's full case-study detail 9116ms
 ❯ src/app/content-preservation.test.tsx (8 tests | 1 failed) 1227ms
   × Blog modal behavior preserved (Req 16.1) > renders the selected post's title and content when open 295ms
     → Found multiple elements with the role "heading" and name `/understanding node\.js streams/i`

Here are the matching elements:

Ignored nodes: comments, script, style
[36m<h1[39m
  [33mclass[39m=[32m"text-2xl md:text-3xl font-semibold text-gray-900 dark:text-white mb-4 leading-tight"[39m
[36m>[39m
  [0mUnderstanding Node.js Streams[0m
[36m</h1>[39m

Ignored nodes: comments, script, style
[36m<h1[39m
  [33mclass[39m=[32m"text-3xl font-semibold mb-8 text-gray-900 dark:text-white leading-tight"[39m
[36m>[39m
  [0mUnderstanding Node.js Streams[0m
[36m</h1>[39m

(If this is intentional, then use the `*AllBy*` variant of the query (like `queryAllByText`, `getAllByText`, or `findAllByText`)).

Ignored nodes: comments, script, style
[36m<body>[39m
  [36m<div>[39m
    [36m<div[39m
      [33mclass[39m=[32m"fixed inset-0 z-50 flex items-center justify-center p-6 bg-black/40 backdrop-blur-sm"[39m
      [33mstyle[39m=[32m"opacity: 0; will-change: opacity;"[39m
    [36m>[39m
      [36m<div[39m
        [33mclass[39m=[32m"bg-white dark:bg-gray-900 rounded-xl shadow-xl border border-gray-200 dark:border-gray-700 max-w-5xl w-full max-h-[92vh] overflow-hidden"[39m
        [33mstyle[39m=[32m"opacity: 0; will-change: opacity,transform; transform: translateY(20px) scale(0.95);"[39m
      [36m>[39m
        [36m<div[39m
          [33mclass[39m=[32m"sticky top-0 bg-white/95 dark:bg-gray-900/95 backdrop-blur-sm border-b border-gray-200 dark:border-gray-700 px-8 py-6 z-10"[39m
        [36m>[39m
          [36m<div[39m
            [33mclass[39m=[32m"flex items-start justify-between"[39m
          [36m>[39m
            [36m<div[39m
              [33mclass[39m=[32m"flex-1 pr-6"[39m
            [36m>[39m
              [36m<div[39m
                [33mclass[39m=[32m"flex items-center gap-4 mb-4"[39m
              [36m>[39m
                [36m<span[39m
                  [33mclass[39m=[32m"px-3 py-1.5 bg-orange-100 dark:bg-orange-900/30 text-orange-700 dark:text-orange-300 rounded-md text-sm font-medium"[39m
                [36m>[39m
                  [0mBackend[0m
                [36m</span>[39m
                [36m<div[39m
                  [33mclass[39m=[32m"flex items-center text-gray-500 dark:text-gray-400 text-sm"[39m
                [36m>[39m
                  [36m<svg[39m
                    [33maria-hidden[39m=[32m"true"[39m
                    [33mclass[39m=[32m"w-4 h-4 mr-2"[39m
                    [33mfill[39m=[32m"currentColor"[39m
                    [33mheight[39m=[32m"1em"[39m
                    [33mstroke[39m=[32m"currentColor"[39m
                    [33mstroke-width[39m=[32m"0"[39m
                    [33mviewBox[39m=[32m"0 0 20 20"[39m
                    [33mwidth[39m=[32m"1em"[39m
                    [33mxmlns[39m=[32m"http://www.w3.org/2000/svg"[39m
                  [36m>[39m
                    [36m<path[39m
                      [33mclip-rule[39m=[32m"evenodd"[39m
                      [33md[39m=[32m"M6 2a1 1 0 00-1 1v1H4a2 2 0 00-2 2v10a2 2 0 002 2h12a2 2 0 002-2V6a2 2 0 00-2-2h-1V3a1 1 0 10-2 0v1H7V3a1 1 0 00-1-1zm0 5a1 1 0 000 2h8a1 1 0 100-2H6z"[39m
                      [33mfill-rule[39m=[32m"evenodd"[39m
                    [36m/>[39m
                  [36m</svg>[39m
                  [0mFebruary 29, 2024[0m
                [36m</div>[39m
              [36m</div>[39m
              [36m<h1[39m
                [33mclass[39m=[32m"text-2xl md:text-3xl font-semibold text-gray-900 dark:text-white mb-4 leading-tight"[39m
              [36m>[39m
                [0mUnderstanding Node.js Streams[0m
              [36m</h1>[39m
              [36m<div[39m
                [33mclass[39m=[32m"flex flex-wrap gap-2"[39m
              [36m>[39m
                [36m<span[39m
                  [33mclass[39m=[32m"flex items-center px-3 py-1 bg-gray-100 dark:bg-gray-800 text-gray-600 dark:text-gray-300 rounded-md text-sm border border-gray-200 dark:border-gray-700"[39m
                [36m>[39m
                  [36m<svg[39m
                    [33maria-hidden[39m=[32m"true"[39m
                    [33mclass[39m=[32m"w-3 h-3 mr-1.5"[39m
                    [33mfill[39m=[32m"currentColor"[39m
                    [33mheight[39m=[32m"1em"[39m
                    [33mstroke[39m=[32m"currentColor"[39m
                    [33mstroke-width[39m=[32m"0"[39m
                    [33mviewBox[39m=[32m"0 0 20 20"[39m
                    [33mwidth[39m=[32m"1em"[39m
                    [33mxmlns[39m=[32m"http://www.w3.org/2000/svg"[39m
                  [36m>[39m
                    [36m<path[39m
                      [33mclip-rule[39m=[32m"evenodd"[39m
                      [33md[39m=[32m"M17.707 9.293a1 1 0 010 1.414l-7 7a1 1 0 01-1.414 0l-7-7A.997.997 0 012 10V5a3 3 0 013-3h5c.256 0 .512.098.707.293l7 7zM5 6a1 1 0 100-2 1 1 0 000 2z"[39m
                      [33mfill-rule[39m=[32m"evenodd"[39m
                    [36m/>[39m
                  [36m</svg>[39m
                  [0mNode.js[0m
                [36m</span>[39m
                [36m<span[39m
                  [33mclass[39m=[32m"flex items-center px-3 py-1 bg-gray-100 dark:bg-gray-800 text-gray-600 dark:text-gray-300 rounded-md text-sm border border-gray-200 dark:border-gray-700"[39m
                [36m>[39m
                  [36m<svg[39m
                    [33maria-hidden[39m=[32m"true"[39m
                    [33mclass[39m=[32m"w-3 h-3 mr-1.5"[39m
                    [33mfill[39m=[32m"currentColor"[39m
                    [33mheight[39m=[32m"1em"[39m
                    [33mstroke[39m=[32m"currentColor"[39m
                    [33mstroke-width[39m=[32m"0"[39m
                    [33mviewBox[39m=[32m"0 0 20 20"[39m
                    [33mwidth[39m=[32m"1em"[39m
                    [33mxmlns[39m=[32m"http://www.w3.org/2000/svg"[39m
                  [36m>[39m
                    [36m<path[39m
                      [33mclip-rule[39m=[32m"evenodd"[39m
                      [33md[39m=[32m"M17.707 9.293a1 1 0 010 1.414l-7 7a1 1 0 01-1.414 0l-7-7A.997.997 0 012 10V5a3 3 0 013-3h5c.256 0 .512.098.707.293l7 7zM5 6a1 1 0 100-2 1 1 0 000 2z"[39m
                      [33mfill-rule[39m=[32m"evenodd"[39m
                    [36m/>[39m
                  [36m</svg>[39m
                  [0mStreams[0m
                [36m</span>[39m
              [36m</div>[39m
            [36m</div>[39m
            [36m<button[39m
              [33mclass[39m=[32m"flex-shrink-0 p-2.5 hover:bg-gray-100 dark:hover:bg-gray-800 rounded-lg transition-colors duration-200 border border-gray-200 dark:border-gray-700"[39m
            [36m>[39m
              [36m<svg[39m
                [33maria-hidden[39m=[32m"true"[39m
                [33mclass[39m=[32m"w-5 h-5 text-gray-500 dark:text-gray-400"[39m
                [33mfill[39m=[32m"currentColor"[39m
                [33mheight[39m=[32m"1em"[39m
                [33mstroke[39m=[32m"currentColor"[39m
                [33mstroke-width[39m=[32m"0"[39m
                [33mviewBox[39m=[32m"0 0 20 20"[39m
                [33mwidth[39m=[32m"1em"[39m
                [33mxmlns[39m=[32m"http://www.w3.org/2000/svg"[39m
              [36m>[39m
                [36m<path[39m
                  [33mclip-rule[39m=[32m"evenodd"[39m
                  [33md[39m=[32m"M4.293 4.293a1 1 0 011.414 0L10 8.586l4.293-4.293a1 1 0 111.414 1.414L11.414 10l4.293 4.293a1 1 0 01-1.414 1.414L10 11.414l-4.293 4.293a1 1 0 01-1.414-1.414L8.586 10 4.293 5.707a1 1 0 010-1.414z"[39m
                  [33mfill-rule[39m=[32m"evenodd"[39m
                [36m/>[39m
              [36m</svg>[39m
            [36m</button>[39m
          [36m</div>[39m
        [36m</div>[39m
        [36m<div[39m
          [33mclass[39m=[32m"px-8 py-6 overflow-y-auto"[39m
          [33mstyle[39m=[32m"max-height: calc(92vh - 160px);"[39m
        [36m>[39m
          [36m<div[39m
            [33mclass[39m=[32m"max-w-none"[39m
          [36m>[39m
            [36m<h1[39m
              [33mclass[39m=[32m"text-3xl font-semibold mb-8 text-gray-900 dark:text-white leading-tight"[39m
            [36m>[39m
              [0mUnderstanding Node.js Streams[0m
            [36m</h1>[39m
            [0m
[0m
            [36m<p[39m
              [33mclass[39m=[32m"mb-6 text-gray-700 dark:text-gray-300 leading-relaxed text-base"[39m
            [36m>[39m
              [0mStreams are powerful.[0m
            [36m</p>[39m
          [36m</div>[39m
          [36m<div[39m
            [33mclass[39m=[32m"mt-12 pt-8 border-t border-gray-200 dark:border-gray-700"[39m
          [36m>[39m
            [36m<div[39m
              [33mclass[39m=[32m"flex items-center justify-center space-x-4 text-sm text-gray-500 dark:text-gray-400"[39m
            [36m>[39m
              [36m<span>[39m
                [0mPublished [0m
                [0mFebruary 29, 2024[0m
              [36m</span>[39m
            [36m</div>[39m
          [36m</div>[39m
        [36m</div>[39m
      [36m</div>[39m
    [36m</div>[39m
  [36m</div>[39m
[36m</body>[39m
   ✓ Contact EmailJS integration preserved (Req 16.6) > sends the message through EmailJS on a valid submission 471ms
   ✓ Contact EmailJS integration preserved (Req 16.6) > retains entered content when the EmailJS send fails 346ms

⎯⎯⎯⎯⎯⎯⎯ Failed Tests 1 ⎯⎯⎯⎯⎯⎯⎯

 FAIL  src/app/content-preservation.test.tsx > Blog modal behavior preserved (Req 16.1) > renders the selected post's title and content when open
TestingLibraryElementError: Found multiple elements with the role "heading" and name `/understanding node\.js streams/i`

Here are the matching elements:

Ignored nodes: comments, script, style
[36m<h1[39m
  [33mclass[39m=[32m"text-2xl md:text-3xl font-semibold text-gray-900 dark:text-white mb-4 leading-tight"[39m
[36m>[39m
  [0mUnderstanding Node.js Streams[0m
[36m</h1>[39m

Ignored nodes: comments, script, style
[36m<h1[39m
  [33mclass[39m=[32m"text-3xl font-semibold mb-8 text-gray-900 dark:text-white leading-tight"[39m
[36m>[39m
  [0mUnderstanding Node.js Streams[0m
[36m</h1>[39m

(If this is intentional, then use the `*AllBy*` variant of the query (like `queryAllByText`, `getAllByText`, or `findAllByText`)).

Ignored nodes: comments, script, style
[36m<body>[39m
  [36m<div>[39m
    [36m<div[39m
      [33mclass[39m=[32m"fixed inset-0 z-50 flex items-center justify-center p-6 bg-black/40 backdrop-blur-sm"[39m
      [33mstyle[39m=[32m"opacity: 0; will-change: opacity;"[39m
    [36m>[39m
      [36m<div[39m
        [33mclass[39m=[32m"bg-white dark:bg-gray-900 rounded-xl shadow-xl border border-gray-200 dark:border-gray-700 max-w-5xl w-full max-h-[92vh] overflow-hidden"[39m
        [33mstyle[39m=[32m"opacity: 0; will-change: opacity,transform; transform: translateY(20px) scale(0.95);"[39m
      [36m>[39m
        [36m<div[39m
          [33mclass[39m=[32m"sticky top-0 bg-white/95 dark:bg-gray-900/95 backdrop-blur-sm border-b border-gray-200 dark:border-gray-700 px-8 py-6 z-10"[39m
        [36m>[39m
          [36m<div[39m
            [33mclass[39m=[32m"flex items-start justify-between"[39m
          [36m>[39m
            [36m<div[39m
              [33mclass[39m=[32m"flex-1 pr-6"[39m
            [36m>[39m
              [36m<div[39m
                [33mclass[39m=[32m"flex items-center gap-4 mb-4"[39m
              [36m>[39m
                [36m<span[39m
                  [33mclass[39m=[32m"px-3 py-1.5 bg-orange-100 dark:bg-orange-900/30 text-orange-700 dark:text-orange-300 rounded-md text-sm font-medium"[39m
                [36m>[39m
                  [0mBackend[0m
                [36m</span>[39m
                [36m<div[39m
                  [33mclass[39m=[32m"flex items-center text-gray-500 dark:text-gray-400 text-sm"[39m
                [36m>[39m
                  [36m<svg[39m
                    [33maria-hidden[39m=[32m"true"[39m
                    [33mclass[39m=[32m"w-4 h-4 mr-2"[39m
                    [33mfill[39m=[32m"currentColor"[39m
                    [33mheight[39m=[32m"1em"[39m
                    [33mstroke[39m=[32m"currentColor"[39m
                    [33mstroke-width[39m=[32m"0"[39m
                    [33mviewBox[39m=[32m"0 0 20 20"[39m
                    [33mwidth[39m=[32m"1em"[39m
                    [33mxmlns[39m=[32m"http://www.w3.org/2000/svg"[39m
                  [36m>[39m
                    [36m<path[39m
                      [33mclip-rule[39m=[32m"evenodd"[39m
                      [33md[39m=[32m"M6 2a1 1 0 00-1 1v1H4a2 2 0 00-2 2v10a2 2 0 002 2h12a2 2 0 002-2V6a2 2 0 00-2-2h-1V3a1 1 0 10-2 0v1H7V3a1 1 0 00-1-1zm0 5a1 1 0 000 2h8a1 1 0 100-2H6z"[39m
                      [33mfill-rule[39m=[32m"evenodd"[39m
                    [36m/>[39m
                  [36m</svg>[39m
                  [0mFebruary 29, 2024[0m
                [36m</div>[39m
              [36m</div>[39m
              [36m<h1[39m
                [33mclass[39m=[32m"text-2xl md:text-3xl font-semibold text-gray-900 dark:text-white mb-4 leading-tight"[39m
              [36m>[39m
                [0mUnderstanding Node.js Streams[0m
              [36m</h1>[39m
              [36m<div[39m
                [33mclass[39m=[32m"flex flex-wrap gap-2"[39m
              [36m>[39m
                [36m<span[39m
                  [33mclass[39m=[32m"flex items-center px-3 py-1 bg-gray-100 dark:bg-gray-800 text-gray-600 dark:text-gray-300 rounded-md text-sm border border-gray-200 dark:border-gray-700"[39m
                [36m>[39m
                  [36m<svg[39m
                    [33maria-hidden[39m=[32m"true"[39m
                    [33mclass[39m=[32m"w-3 h-3 mr-1.5"[39m
                    [33mfill[39m=[32m"currentColor"[39m
                    [33mheight[39m=[32m"1em"[39m
                    [33mstroke[39m=[32m"currentColor"[39m
                    [33mstroke-width[39m=[32m"0"[39m
                    [33mviewBox[39m=[32m"0 0 20 20"[39m
                    [33mwidth[39m=[32m"1em"[39m
                    [33mxmlns[39m=[32m"http://www.w3.org/2000/svg"[39m
                  [36m>[39m
                    [36m<path[39m
                      [33mclip-rule[39m=[32m"evenodd"[39m
                      [33md[39m=[32m"M17.707 9.293a1 1 0 010 1.414l-7 7a1 1 0 01-1.414 0l-7-7A.997.997 0 012 10V5a3 3 0 013-3h5c.256 0 .512.098.707.293l7 7zM5 6a1 1 0 100-2 1 1 0 000 2z"[39m
                      [33mfill-rule[39m=[32m"evenodd"[39m
                    [36m/>[39m
                  [36m</svg>[39m
                  [0mNode.js[0m
                [36m</span>[39m
                [36m<span[39m
                  [33mclass[39m=[32m"flex items-center px-3 py-1 bg-gray-100 dark:bg-gray-800 text-gray-600 dark:text-gray-300 rounded-md text-sm border border-gray-200 dark:border-gray-700"[39m
                [36m>[39m
                  [36m<svg[39m
                    [33maria-hidden[39m=[32m"true"[39m
                    [33mclass[39m=[32m"w-3 h-3 mr-1.5"[39m
                    [33mfill[39m=[32m"currentColor"[39m
                    [33mheight[39m=[32m"1em"[39m
                    [33mstroke[39m=[32m"currentColor"[39m
                    [33mstroke-width[39m=[32m"0"[39m
                    [33mviewBox[39m=[32m"0 0 20 20"[39m
                    [33mwidth[39m=[32m"1em"[39m
                    [33mxmlns[39m=[32m"http://www.w3.org/2000/svg"[39m
                  [36m>[39m
                    [36m<path[39m
                      [33mclip-rule[39m=[32m"evenodd"[39m
                      [33md[39m=[32m"M17.707 9.293a1 1 0 010 1.414l-7 7a1 1 0 01-1.414 0l-7-7A.997.997 0 012 10V5a3 3 0 013-3h5c.256 0 .512.098.707.293l7 7zM5 6a1 1 0 100-2 1 1 0 000 2z"[39m
                      [33mfill-rule[39m=[32m"evenodd"[39m
                    [36m/>[39m
                  [36m</svg>[39m
                  [0mStreams[0m
                [36m</span>[39m
              [36m</div>[39m
            [36m</div>[39m
            [36m<button[39m
              [33mclass[39m=[32m"flex-shrink-0 p-2.5 hover:bg-gray-100 dark:hover:bg-gray-800 rounded-lg transition-colors duration-200 border border-gray-200 dark:border-gray-700"[39m
            [36m>[39m
              [36m<svg[39m
                [33maria-hidden[39m=[32m"true"[39m
                [33mclass[39m=[32m"w-5 h-5 text-gray-500 dark:text-gray-400"[39m
                [33mfill[39m=[32m"currentColor"[39m
                [33mheight[39m=[32m"1em"[39m
                [33mstroke[39m=[32m"currentColor"[39m
                [33mstroke-width[39m=[32m"0"[39m
                [33mviewBox[39m=[32m"0 0 20 20"[39m
                [33mwidth[39m=[32m"1em"[39m
                [33mxmlns[39m=[32m"http://www.w3.org/2000/svg"[39m
              [36m>[39m
                [36m<path[39m
                  [33mclip-rule[39m=[32m"evenodd"[39m
                  [33md[39m=[32m"M4.293 4.293a1 1 0 011.414 0L10 8.586l4.293-4.293a1 1 0 111.414 1.414L11.414 10l4.293 4.293a1 1 0 01-1.414 1.414L10 11.414l-4.293 4.293a1 1 0 01-1.414-1.414L8.586 10 4.293 5.707a1 1 0 010-1.414z"[39m
                  [33mfill-rule[39m=[32m"evenodd"[39m
                [36m/>[39m
              [36m</svg>[39m
            [36m</button>[39m
          [36m</div>[39m
        [36m</div>[39m
        [36m<div[39m
          [33mclass[39m=[32m"px-8 py-6 overflow-y-auto"[39m
          [33mstyle[39m=[32m"max-height: calc(92vh - 160px);"[39m
        [36m>[39m
          [36m<div[39m
            [33mclass[39m=[32m"max-w-none"[39m
          [36m>[39m
            [36m<h1[39m
              [33mclass[39m=[32m"text-3xl font-semibold mb-8 text-gray-900 dark:text-white leading-tight"[39m
            [36m>[39m
              [0mUnderstanding Node.js Streams[0m
            [36m</h1>[39m
            [0m
[0m
            [36m<p[39m
              [33mclass[39m=[32m"mb-6 text-gray-700 dark:text-gray-300 leading-relaxed text-base"[39m
            [36m>[39m
              [0mStreams are powerful.[0m
            [36m</p>[39m
          [36m</div>[39m
          [36m<div[39m
            [33mclass[39m=[32m"mt-12 pt-8 border-t border-gray-200 dark:border-gray-700"[39m
          [36m>[39m
            [36m<div[39m
              [33mclass[39m=[32m"flex items-center justify-center space-x-4 text-sm text-gray-500 dark:text-gray-400"[39m
            [36m>[39m
              [36m<span>[39m
                [0mPublished [0m
                [0mFebruary 29, 2024[0m
              [36m</span>[39m
            [36m</div>[39m
          [36m</div>[39m
        [36m</div>[39m
      [36m</div>[39m
    [36m</div>[39m
  [36m</div>[39m
[36m</body>[39m
 ❯ Object.getElementError node_modules/@testing-library/dom/dist/config.js:37:19
 ❯ getElementError node_modules/@testing-library/dom/dist/query-helpers.js:20:35
 ❯ getMultipleElementsFoundError node_modules/@testing-library/dom/dist/query-helpers.js:23:10
 ❯ node_modules/@testing-library/dom/dist/query-helpers.js:55:13
 ❯ node_modules/@testing-library/dom/dist/query-helpers.js:95:19
 ❯ src/app/content-preservation.test.tsx:42:14
     40|     render(<BlogModal blog={sampleBlog} isOpen={true} onClose={() => {…
     41|     expect(
     42|       screen.getByRole("heading", { name: /understanding node\.js stre…
       |              ^
     43|     ).toBeInTheDocument();
     44|     expect(screen.getByText(/streams are powerful/i)).toBeInTheDocumen…

⎯⎯⎯⎯⎯⎯⎯⎯⎯⎯⎯⎯⎯⎯⎯⎯⎯⎯⎯⎯⎯⎯⎯⎯[1/1]⎯

 Test Files  1 failed | 28 passed (29)
      Tests  1 failed | 110 passed (111)
   Start at  21:56:11
   Duration  16.20s (transform 9.86s, setup 36.97s, collect 40.98s, tests 29.00s, environment 53.03s, prepare 11.45s)

